// Jest Snapshot v1, https://goo.gl/fbAQLP

exports[`getFileContents gets the file contents of a given file 1`] = `"this is a blob"`;

exports[`getFileContents gets the file contents of a given file at a given sha 1`] = `
Array [
  Array [
    Object {
      "owner": "JasonEtco",
      "recursive": 1,
      "repo": "example",
      "tree_sha": 456,
    },
  ],
]
`;

exports[`getFileContents gets the file contents of a given file at a given sha 2`] = `"this is a blob"`;
