// Jest Snapshot v1, https://goo.gl/fbAQLP

exports[`octokit calls the correct octokit method 1`] = `
Array [
  Array [
    Object {
      "body": "test",
      "owner": "JasonEtco",
      "repo": "example",
      "title": "test",
    },
  ],
]
`;

exports[`octokit throws if the provided method does not exist 1`] = `[Error: Octokit method \`issues.nope\` does not exist.]`;

exports[`octokit throws if the provided method is called without all the required parameters 1`] = `[Error: Octokit method \`issues.create\` requires the following parameters: owner, repo, title]`;
