// Jest Snapshot v1, https://goo.gl/fbAQLP

exports[`getPullRequest gets a pull request 1`] = `
Object {
  "data": Object {
    "number": 1,
  },
}
`;

exports[`getPullRequest gets a pull request with a pr number 1`] = `
Object {
  "data": Object {
    "number": 1,
  },
}
`;

exports[`getPullRequest gets a pull request with a title string 1`] = `
Object {
  "data": Object {
    "number": 1,
  },
}
`;
