// Jest Snapshot v1, https://goo.gl/fbAQLP

exports[`ContextualLinks renders correctly 1`] = `
<div
  className="leftNav"
>
  <ul
    className="
        inactive
         root
        "
  >
    <li
      className="parent"
    >
      <img
        alt=""
        className="caret"
        onClick={[Function]}
        src="data:image/svg+xml;base64,PHN2ZyB4bWxucz0iaHR0cDovL3d3dy53My5vcmcvMjAwMC9zdmciIHdpZHRoPSI3IiBoZWlnaHQ9IjQiIHZpZXdCb3g9IjAgMCA3IDQiPgogICAgPHBhdGggZmlsbD0iIzI4MjgyOCIgZmlsbC1vcGFjaXR5PSIuOCIgZmlsbC1ydWxlPSJldmVub2RkIiBkPSJNNyAwTDMuNSA0IDAgMHoiLz4KPC9zdmc+Cg=="
      />
      <button
        identifier="docs"
        onClick={[Function]}
        type="button"
      >
        docs
      </button>
    </li>
    <ul
      className="
        inactive
        
        "
    >
      <li
        className="parent"
      >
        <img
          alt=""
          className="caret"
          onClick={[Function]}
          src="data:image/svg+xml;base64,PHN2ZyB4bWxucz0iaHR0cDovL3d3dy53My5vcmcvMjAwMC9zdmciIHdpZHRoPSI3IiBoZWlnaHQ9IjQiIHZpZXdCb3g9IjAgMCA3IDQiPgogICAgPHBhdGggZmlsbD0iIzI4MjgyOCIgZmlsbC1vcGFjaXR5PSIuOCIgZmlsbC1ydWxlPSJldmVub2RkIiBkPSJNNyAwTDMuNSA0IDAgMHoiLz4KPC9zdmc+Cg=="
        />
        <button
          identifier="foo"
          onClick={[Function]}
          type="button"
        >
          foo
        </button>
      </li>
      <li
        className="child"
      >
        <div
          className="activeIndicator"
        />
        <a
          href="/docs/foo/slug/"
        >
          slug
        </a>
      </li>
      <ul
        className="
        inactive
        
        "
      >
        <li
          className="parent"
        >
          <img
            alt=""
            className="caret"
            onClick={[Function]}
            src="data:image/svg+xml;base64,PHN2ZyB4bWxucz0iaHR0cDovL3d3dy53My5vcmcvMjAwMC9zdmciIHdpZHRoPSI3IiBoZWlnaHQ9IjQiIHZpZXdCb3g9IjAgMCA3IDQiPgogICAgPHBhdGggZmlsbD0iIzI4MjgyOCIgZmlsbC1vcGFjaXR5PSIuOCIgZmlsbC1ydWxlPSJldmVub2RkIiBkPSJNNyAwTDMuNSA0IDAgMHoiLz4KPC9zdmc+Cg=="
          />
          <button
            identifier="nested"
            onClick={[Function]}
            type="button"
          >
            nested
          </button>
        </li>
        <li
          className="child"
        >
          <div
            className="activeIndicator"
          />
          <a
            href="/docs/foo/nested/nestedslug/"
          >
            nested slug
          </a>
        </li>
      </ul>
    </ul>
    <ul
      className="
        inactive
        
        "
    >
      <li
        className="parent"
      >
        <img
          alt=""
          className="caret"
          onClick={[Function]}
          src="data:image/svg+xml;base64,PHN2ZyB4bWxucz0iaHR0cDovL3d3dy53My5vcmcvMjAwMC9zdmciIHdpZHRoPSI3IiBoZWlnaHQ9IjQiIHZpZXdCb3g9IjAgMCA3IDQiPgogICAgPHBhdGggZmlsbD0iIzI4MjgyOCIgZmlsbC1vcGFjaXR5PSIuOCIgZmlsbC1ydWxlPSJldmVub2RkIiBkPSJNNyAwTDMuNSA0IDAgMHoiLz4KPC9zdmc+Cg=="
        />
        <button
          identifier="bar"
          onClick={[Function]}
          type="button"
        >
          bar
        </button>
      </li>
      <li
        className="child"
      >
        <div
          className="activeIndicator"
        />
        <a
          href="/docs/bar/otherslug/"
        >
          otherslug
        </a>
      </li>
    </ul>
  </ul>
</div>
`;
