// Jest Snapshot v1, https://goo.gl/fbAQLP

exports[`mergePullRequest merges a pull request 1`] = `
Array [
  Array [
    Object {
      "number": 1,
      "owner": "JasonEtco",
      "repo": "example",
    },
  ],
]
`;

exports[`mergePullRequest merges a pull request with a pr number 1`] = `
Array [
  Array [
    Object {
      "number": 1,
      "owner": "JasonEtco",
      "repo": "example",
    },
  ],
]
`;

exports[`mergePullRequest merges a pull request with a title string 1`] = `
Array [
  Array [
    Object {
      "number": 1,
      "owner": "JasonEtco",
      "repo": "example",
    },
  ],
]
`;
