// Jest Snapshot v1, https://goo.gl/fbAQLP

exports[`createProjectBoard creates a new project board 1`] = `
Array [
  Array [
    Object {
      "body": "Something clever",
      "name": "My project board",
      "owner": "JasonEtco",
      "repo": "example",
    },
  ],
]
`;

exports[`createProjectBoard creates a new project board with columns 1`] = `
Array [
  Array [
    Object {
      "name": "To do",
      "project_id": 1,
    },
  ],
  Array [
    Object {
      "name": "In progress",
      "project_id": 1,
    },
  ],
  Array [
    Object {
      "name": "Done like dinner",
      "project_id": 1,
    },
  ],
]
`;
