// Jest Snapshot v1, https://goo.gl/fbAQLP

exports[`getIssue gets an issue 1`] = `
Object {
  "data": Object {
    "number": 1,
  },
}
`;

exports[`getIssue gets an issue with a issue number 1`] = `
Object {
  "data": Object {
    "number": 1,
  },
}
`;

exports[`getIssue gets an issue with a title string 1`] = `
Object {
  "data": Object {
    "number": 1,
  },
}
`;
